===== START 2026-08-26T04:47:48Z =====

===== PREFLIGHT =====
env -u AWS_ACCESS_KEY_ID -u AWS_SECRET_ACCESS_KEY -u AWS_SESSION_TOKEN -u AWS_DEFAULT_PROFILE uv run python scripts/check_aws_context.py --profile rootstock-sandbox --expect sandbox
AWS context OK: profile=rootstock-sandbox zone=sandbox account=022222222222
preflight_exit=0

===== INIT =====
env -u AWS_ACCESS_KEY_ID -u AWS_SECRET_ACCESS_KEY -u AWS_SESSION_TOKEN -u AWS_DEFAULT_PROFILE AWS_PROFILE=rootstock-sandbox terraform -chdir=infra/test-env init
[0m[1mInitializing the backend...[0m
[0m[1mInitializing provider plugins...[0m
- terraform.io/builtin/terraform is built in to Terraform
- Reusing previous version of hashicorp/aws from the dependency lock file
- Using previously-installed hashicorp/aws v5.100.0

[0m[1m[32mTerraform has been successfully initialized![0m[32m[0m
[0m[32m
You may now begin working with Terraform. Try running "terraform plan" to see
any changes that are required for your infrastructure. All Terraform commands
should now work.

If you ever set or change modules or backend configuration for Terraform,
rerun this command to reinitialize your working directory. If you forget, other
commands will detect it and remind you to do so if necessary.[0m
init_exit=0

===== PLAN =====
env -u AWS_ACCESS_KEY_ID -u AWS_SECRET_ACCESS_KEY -u AWS_SESSION_TOKEN -u AWS_DEFAULT_PROFILE uv run python scripts/check_aws_context.py --profile rootstock-sandbox --expect sandbox
AWS context OK: profile=rootstock-sandbox zone=sandbox account=022222222222
env -u AWS_ACCESS_KEY_ID -u AWS_SECRET_ACCESS_KEY -u AWS_SESSION_TOKEN -u AWS_DEFAULT_PROFILE AWS_PROFILE=rootstock-sandbox terraform -chdir=infra/test-env plan
[0m[1mdata.aws_caller_identity.current: Reading...[0m[0m
[0m[1mdata.aws_caller_identity.current: Read complete after 0s [id=022222222222][0m

Terraform used the selected providers to generate the following execution
plan. Resource actions are indicated with the following symbols:
  [32m+[0m create[0m

Terraform will perform the following actions:

[1m  # aws_s3_bucket.harness[0m will be created
[0m  [32m+[0m[0m resource "aws_s3_bucket" "harness" {
      [32m+[0m[0m acceleration_status         = (known after apply)
      [32m+[0m[0m acl                         = (known after apply)
      [32m+[0m[0m arn                         = (known after apply)
      [32m+[0m[0m bucket                      = "rootstock-sbx-phase0-harness"
      [32m+[0m[0m bucket_domain_name          = (known after apply)
      [32m+[0m[0m bucket_prefix               = (known after apply)
      [32m+[0m[0m bucket_regional_domain_name = (known after apply)
      [32m+[0m[0m force_destroy               = true
      [32m+[0m[0m hosted_zone_id              = (known after apply)
      [32m+[0m[0m id                          = (known after apply)
      [32m+[0m[0m object_lock_enabled         = (known after apply)
      [32m+[0m[0m policy                      = (known after apply)
      [32m+[0m[0m region                      = (known after apply)
      [32m+[0m[0m request_payer               = (known after apply)
      [32m+[0m[0m tags_all                    = {
          [32m+[0m[0m "rootstock:environment" = "test"
          [32m+[0m[0m "rootstock:managed-by"  = "terraform"
          [32m+[0m[0m "rootstock:owner"       = "rootstock"
          [32m+[0m[0m "rootstock:purpose"     = "phase-0-harness"
        }
      [32m+[0m[0m website_domain              = (known after apply)
      [32m+[0m[0m website_endpoint            = (known after apply)

      [32m+[0m[0m cors_rule (known after apply)

      [32m+[0m[0m grant (known after apply)

      [32m+[0m[0m lifecycle_rule (known after apply)

      [32m+[0m[0m logging (known after apply)

      [32m+[0m[0m object_lock_configuration (known after apply)

      [32m+[0m[0m replication_configuration (known after apply)

      [32m+[0m[0m server_side_encryption_configuration (known after apply)

      [32m+[0m[0m versioning (known after apply)

      [32m+[0m[0m website (known after apply)
    }

[1m  # aws_s3_bucket_public_access_block.harness[0m will be created
[0m  [32m+[0m[0m resource "aws_s3_bucket_public_access_block" "harness" {
      [32m+[0m[0m block_public_acls       = true
      [32m+[0m[0m block_public_policy     = true
      [32m+[0m[0m bucket                  = (known after apply)
      [32m+[0m[0m id                      = (known after apply)
      [32m+[0m[0m ignore_public_acls      = true
      [32m+[0m[0m restrict_public_buckets = true
    }

[1m  # aws_s3_bucket_versioning.harness[0m will be created
[0m  [32m+[0m[0m resource "aws_s3_bucket_versioning" "harness" {
      [32m+[0m[0m bucket = (known after apply)
      [32m+[0m[0m id     = (known after apply)

      [32m+[0m[0m versioning_configuration {
          [32m+[0m[0m mfa_delete = (known after apply)
          [32m+[0m[0m status     = "Disabled"
        }
    }

[1m  # terraform_data.account_guard[0m will be created
[0m  [32m+[0m[0m resource "terraform_data" "account_guard" {
      [32m+[0m[0m id = (known after apply)
    }

[1mPlan:[0m 4 to add, 0 to change, 0 to destroy.
[0m
Changes to Outputs:
  [32m+[0m[0m account_id        = "022222222222"
  [32m+[0m[0m bucket_prefix     = "rootstock-sbx-"
  [32m+[0m[0m caller_arn        = "arn:aws:sts::022222222222:assumed-role/AWSReservedSSO_RootstockAdministrator_<id>/operator"
  [32m+[0m[0m harness_bucket    = (known after apply)
  [32m+[0m[0m region            = "us-east-1"
  [32m+[0m[0m request_queue_url = ""
[90m
─────────────────────────────────────────────────────────────────────────────[0m

Note: You didn't use the -out option to save this plan, so Terraform can't
guarantee to take exactly these actions if you run "terraform apply" now.
plan_exit=0

===== INFRA-CYCLE START 2026-08-26T04:47:57Z =====
env -u AWS_ACCESS_KEY_ID -u AWS_SECRET_ACCESS_KEY -u AWS_SESSION_TOKEN -u AWS_DEFAULT_PROFILE uv run python scripts/check_aws_context.py --profile rootstock-sandbox --expect sandbox
AWS context OK: profile=rootstock-sandbox zone=sandbox account=022222222222
env -u AWS_ACCESS_KEY_ID -u AWS_SECRET_ACCESS_KEY -u AWS_SESSION_TOKEN -u AWS_DEFAULT_PROFILE AWS_PROFILE=rootstock-sandbox terraform -chdir=infra/test-env apply -auto-approve
[0m[1mdata.aws_caller_identity.current: Reading...[0m[0m
[0m[1mdata.aws_caller_identity.current: Read complete after 0s [id=022222222222][0m

Terraform used the selected providers to generate the following execution
plan. Resource actions are indicated with the following symbols:
  [32m+[0m create[0m

Terraform will perform the following actions:

[1m  # aws_s3_bucket.harness[0m will be created
[0m  [32m+[0m[0m resource "aws_s3_bucket" "harness" {
      [32m+[0m[0m acceleration_status         = (known after apply)
      [32m+[0m[0m acl                         = (known after apply)
      [32m+[0m[0m arn                         = (known after apply)
      [32m+[0m[0m bucket                      = "rootstock-sbx-phase0-harness"
      [32m+[0m[0m bucket_domain_name          = (known after apply)
      [32m+[0m[0m bucket_prefix               = (known after apply)
      [32m+[0m[0m bucket_regional_domain_name = (known after apply)
      [32m+[0m[0m force_destroy               = true
      [32m+[0m[0m hosted_zone_id              = (known after apply)
      [32m+[0m[0m id                          = (known after apply)
      [32m+[0m[0m object_lock_enabled         = (known after apply)
      [32m+[0m[0m policy                      = (known after apply)
      [32m+[0m[0m region                      = (known after apply)
      [32m+[0m[0m request_payer               = (known after apply)
      [32m+[0m[0m tags_all                    = {
          [32m+[0m[0m "rootstock:environment" = "test"
          [32m+[0m[0m "rootstock:managed-by"  = "terraform"
          [32m+[0m[0m "rootstock:owner"       = "rootstock"
          [32m+[0m[0m "rootstock:purpose"     = "phase-0-harness"
        }
      [32m+[0m[0m website_domain              = (known after apply)
      [32m+[0m[0m website_endpoint            = (known after apply)

      [32m+[0m[0m cors_rule (known after apply)

      [32m+[0m[0m grant (known after apply)

      [32m+[0m[0m lifecycle_rule (known after apply)

      [32m+[0m[0m logging (known after apply)

      [32m+[0m[0m object_lock_configuration (known after apply)

      [32m+[0m[0m replication_configuration (known after apply)

      [32m+[0m[0m server_side_encryption_configuration (known after apply)

      [32m+[0m[0m versioning (known after apply)

      [32m+[0m[0m website (known after apply)
    }

[1m  # aws_s3_bucket_public_access_block.harness[0m will be created
[0m  [32m+[0m[0m resource "aws_s3_bucket_public_access_block" "harness" {
      [32m+[0m[0m block_public_acls       = true
      [32m+[0m[0m block_public_policy     = true
      [32m+[0m[0m bucket                  = (known after apply)
      [32m+[0m[0m id                      = (known after apply)
      [32m+[0m[0m ignore_public_acls      = true
      [32m+[0m[0m restrict_public_buckets = true
    }

[1m  # aws_s3_bucket_versioning.harness[0m will be created
[0m  [32m+[0m[0m resource "aws_s3_bucket_versioning" "harness" {
      [32m+[0m[0m bucket = (known after apply)
      [32m+[0m[0m id     = (known after apply)

      [32m+[0m[0m versioning_configuration {
          [32m+[0m[0m mfa_delete = (known after apply)
          [32m+[0m[0m status     = "Disabled"
        }
    }

[1m  # terraform_data.account_guard[0m will be created
[0m  [32m+[0m[0m resource "terraform_data" "account_guard" {
      [32m+[0m[0m id = (known after apply)
    }

[1mPlan:[0m 4 to add, 0 to change, 0 to destroy.
[0m
Changes to Outputs:
  [32m+[0m[0m account_id        = "022222222222"
  [32m+[0m[0m bucket_prefix     = "rootstock-sbx-"
  [32m+[0m[0m caller_arn        = "arn:aws:sts::022222222222:assumed-role/AWSReservedSSO_RootstockAdministrator_<id>/operator"
  [32m+[0m[0m harness_bucket    = (known after apply)
  [32m+[0m[0m region            = "us-east-1"
  [32m+[0m[0m request_queue_url = ""
[0m[1mterraform_data.account_guard: Creating...[0m[0m
[0m[1mterraform_data.account_guard: Creation complete after 0s [id=38218290-9434-5da5-3759-c9161b159276][0m
[0m[1maws_s3_bucket.harness: Creating...[0m[0m
[0m[1maws_s3_bucket.harness: Creation complete after 1s [id=rootstock-sbx-phase0-harness][0m
[0m[1maws_s3_bucket_public_access_block.harness: Creating...[0m[0m
[0m[1maws_s3_bucket_versioning.harness: Creating...[0m[0m
[0m[1maws_s3_bucket_public_access_block.harness: Creation complete after 1s [id=rootstock-sbx-phase0-harness][0m
[0m[1maws_s3_bucket_versioning.harness: Creation complete after 2s [id=rootstock-sbx-phase0-harness][0m
[0m[1m[32m
Apply complete! Resources: 4 added, 0 changed, 0 destroyed.
[0m[0m[1m[32m
Outputs:

[0maccount_id = "022222222222"
bucket_prefix = "rootstock-sbx-"
caller_arn = "arn:aws:sts::022222222222:assumed-role/AWSReservedSSO_RootstockAdministrator_<id>/operator"
harness_bucket = "rootstock-sbx-phase0-harness"
region = "us-east-1"
request_queue_url = ""
make verify-presence
make[1]: Entering directory 'the repository root'
env -u AWS_ACCESS_KEY_ID -u AWS_SECRET_ACCESS_KEY -u AWS_SESSION_TOKEN -u AWS_DEFAULT_PROFILE uv run python scripts/check_aws_context.py --profile rootstock-sandbox --expect sandbox
AWS context OK: profile=rootstock-sandbox zone=sandbox account=022222222222
env -u AWS_ACCESS_KEY_ID -u AWS_SECRET_ACCESS_KEY -u AWS_SESSION_TOKEN -u AWS_DEFAULT_PROFILE AWS_PROFILE=rootstock-sandbox uv run python scripts/verify_teardown.py --expect present
Presence verified: 1 resource(s) in 022222222222.
  s3://rootstock-sbx-phase0-harness
make[1]: Leaving directory 'the repository root'
env -u AWS_ACCESS_KEY_ID -u AWS_SECRET_ACCESS_KEY -u AWS_SESSION_TOKEN -u AWS_DEFAULT_PROFILE AWS_PROFILE=rootstock-sandbox terraform -chdir=infra/test-env destroy -auto-approve
[0m[1mdata.aws_caller_identity.current: Reading...[0m[0m
[0m[1maws_s3_bucket.harness: Refreshing state... [id=rootstock-sbx-phase0-harness][0m
[0m[1mdata.aws_caller_identity.current: Read complete after 0s [id=022222222222][0m
[0m[1mterraform_data.account_guard: Refreshing state... [id=38218290-9434-5da5-3759-c9161b159276][0m
[0m[1maws_s3_bucket_public_access_block.harness: Refreshing state... [id=rootstock-sbx-phase0-harness][0m
[0m[1maws_s3_bucket_versioning.harness: Refreshing state... [id=rootstock-sbx-phase0-harness][0m

Terraform used the selected providers to generate the following execution
plan. Resource actions are indicated with the following symbols:
  [31m-[0m destroy[0m

Terraform will perform the following actions:

[1m  # aws_s3_bucket.harness[0m will be [1m[31mdestroyed[0m
[0m  [31m-[0m[0m resource "aws_s3_bucket" "harness" {
      [31m-[0m[0m arn                         = "arn:aws:s3:::rootstock-sbx-phase0-harness" [90m-> null[0m[0m
      [31m-[0m[0m bucket                      = "rootstock-sbx-phase0-harness" [90m-> null[0m[0m
      [31m-[0m[0m bucket_domain_name          = "rootstock-sbx-phase0-harness.s3.amazonaws.com" [90m-> null[0m[0m
      [31m-[0m[0m bucket_regional_domain_name = "rootstock-sbx-phase0-harness.s3.us-east-1.amazonaws.com" [90m-> null[0m[0m
      [31m-[0m[0m force_destroy               = true [90m-> null[0m[0m
      [31m-[0m[0m hosted_zone_id              = "Z3AQBSTGFYJSTF" [90m-> null[0m[0m
      [31m-[0m[0m id                          = "rootstock-sbx-phase0-harness" [90m-> null[0m[0m
      [31m-[0m[0m object_lock_enabled         = false [90m-> null[0m[0m
      [31m-[0m[0m region                      = "us-east-1" [90m-> null[0m[0m
      [31m-[0m[0m request_payer               = "BucketOwner" [90m-> null[0m[0m
      [31m-[0m[0m tags                        = {} [90m-> null[0m[0m
      [31m-[0m[0m tags_all                    = {
          [31m-[0m[0m "rootstock:environment" = "test"
          [31m-[0m[0m "rootstock:managed-by"  = "terraform"
          [31m-[0m[0m "rootstock:owner"       = "rootstock"
          [31m-[0m[0m "rootstock:purpose"     = "phase-0-harness"
        } [90m-> null[0m[0m
        [90m# (3 unchanged attributes hidden)[0m[0m

      [31m-[0m[0m grant {
          [31m-[0m[0m id          = "4548c3f77665b046c6cf5a95d38712d5a32b9de4e144734174c085c709ee3ec5" [90m-> null[0m[0m
          [31m-[0m[0m permissions = [
              [31m-[0m[0m "FULL_CONTROL",
            ] [90m-> null[0m[0m
          [31m-[0m[0m type        = "CanonicalUser" [90m-> null[0m[0m
            [90m# (1 unchanged attribute hidden)[0m[0m
        }

      [31m-[0m[0m server_side_encryption_configuration {
          [31m-[0m[0m rule {
              [31m-[0m[0m bucket_key_enabled = false [90m-> null[0m[0m

              [31m-[0m[0m apply_server_side_encryption_by_default {
                  [31m-[0m[0m sse_algorithm     = "AES256" [90m-> null[0m[0m
                    [90m# (1 unchanged attribute hidden)[0m[0m
                }
            }
        }

      [31m-[0m[0m versioning {
          [31m-[0m[0m enabled    = false [90m-> null[0m[0m
          [31m-[0m[0m mfa_delete = false [90m-> null[0m[0m
        }
    }

[1m  # aws_s3_bucket_public_access_block.harness[0m will be [1m[31mdestroyed[0m
[0m  [31m-[0m[0m resource "aws_s3_bucket_public_access_block" "harness" {
      [31m-[0m[0m block_public_acls       = true [90m-> null[0m[0m
      [31m-[0m[0m block_public_policy     = true [90m-> null[0m[0m
      [31m-[0m[0m bucket                  = "rootstock-sbx-phase0-harness" [90m-> null[0m[0m
      [31m-[0m[0m id                      = "rootstock-sbx-phase0-harness" [90m-> null[0m[0m
      [31m-[0m[0m ignore_public_acls      = true [90m-> null[0m[0m
      [31m-[0m[0m restrict_public_buckets = true [90m-> null[0m[0m
    }

[1m  # aws_s3_bucket_versioning.harness[0m will be [1m[31mdestroyed[0m
[0m  [31m-[0m[0m resource "aws_s3_bucket_versioning" "harness" {
      [31m-[0m[0m bucket                = "rootstock-sbx-phase0-harness" [90m-> null[0m[0m
      [31m-[0m[0m id                    = "rootstock-sbx-phase0-harness" [90m-> null[0m[0m
        [90m# (1 unchanged attribute hidden)[0m[0m

      [31m-[0m[0m versioning_configuration {
          [31m-[0m[0m status     = "Disabled" [90m-> null[0m[0m
            [90m# (1 unchanged attribute hidden)[0m[0m
        }
    }

[1m  # terraform_data.account_guard[0m will be [1m[31mdestroyed[0m
[0m  [31m-[0m[0m resource "terraform_data" "account_guard" {
      [31m-[0m[0m id = "38218290-9434-5da5-3759-c9161b159276" [90m-> null[0m[0m
    }

[1mPlan:[0m 0 to add, 0 to change, 4 to destroy.
[0m
Changes to Outputs:
  [31m-[0m[0m account_id        = "022222222222" [90m-> null[0m[0m
  [31m-[0m[0m bucket_prefix     = "rootstock-sbx-" [90m-> null[0m[0m
  [31m-[0m[0m caller_arn        = "arn:aws:sts::022222222222:assumed-role/AWSReservedSSO_RootstockAdministrator_<id>/operator" [90m-> null[0m[0m
  [31m-[0m[0m harness_bucket    = "rootstock-sbx-phase0-harness" [90m-> null[0m[0m
  [31m-[0m[0m region            = "us-east-1" [90m-> null[0m[0m
  [31m-[0m[0m request_queue_url = "" [90m-> null[0m[0m
[0m[1mterraform_data.account_guard: Destroying... [id=38218290-9434-5da5-3759-c9161b159276][0m[0m
[0m[1mterraform_data.account_guard: Destruction complete after 0s[0m
[0m[1maws_s3_bucket_public_access_block.harness: Destroying... [id=rootstock-sbx-phase0-harness][0m[0m
[0m[1maws_s3_bucket_versioning.harness: Destroying... [id=rootstock-sbx-phase0-harness][0m[0m
[0m[1maws_s3_bucket_versioning.harness: Destruction complete after 0s[0m
[0m[1maws_s3_bucket_public_access_block.harness: Destruction complete after 1s[0m
[0m[1maws_s3_bucket.harness: Destroying... [id=rootstock-sbx-phase0-harness][0m[0m
[0m[1maws_s3_bucket.harness: Destruction complete after 0s[0m
[0m[1m[32m
Destroy complete! Resources: 4 destroyed.
[0mmake verify-teardown
make[1]: Entering directory 'the repository root'
env -u AWS_ACCESS_KEY_ID -u AWS_SECRET_ACCESS_KEY -u AWS_SESSION_TOKEN -u AWS_DEFAULT_PROFILE uv run python scripts/check_aws_context.py --profile rootstock-sandbox --expect sandbox
AWS context OK: profile=rootstock-sandbox zone=sandbox account=022222222222
env -u AWS_ACCESS_KEY_ID -u AWS_SECRET_ACCESS_KEY -u AWS_SESSION_TOKEN -u AWS_DEFAULT_PROFILE AWS_PROFILE=rootstock-sandbox uv run python scripts/verify_teardown.py --expect absent
Teardown verified: no rootstock-sbx-* resources in account 022222222222.
make[1]: Leaving directory 'the repository root'
env -u AWS_ACCESS_KEY_ID -u AWS_SECRET_ACCESS_KEY -u AWS_SESSION_TOKEN -u AWS_DEFAULT_PROFILE AWS_PROFILE=rootstock-sandbox terraform -chdir=infra/test-env apply -auto-approve
[0m[1mdata.aws_caller_identity.current: Reading...[0m[0m
[0m[1mdata.aws_caller_identity.current: Read complete after 0s [id=022222222222][0m

Terraform used the selected providers to generate the following execution
plan. Resource actions are indicated with the following symbols:
  [32m+[0m create[0m

Terraform will perform the following actions:

[1m  # aws_s3_bucket.harness[0m will be created
[0m  [32m+[0m[0m resource "aws_s3_bucket" "harness" {
      [32m+[0m[0m acceleration_status         = (known after apply)
      [32m+[0m[0m acl                         = (known after apply)
      [32m+[0m[0m arn                         = (known after apply)
      [32m+[0m[0m bucket                      = "rootstock-sbx-phase0-harness"
      [32m+[0m[0m bucket_domain_name          = (known after apply)
      [32m+[0m[0m bucket_prefix               = (known after apply)
      [32m+[0m[0m bucket_regional_domain_name = (known after apply)
      [32m+[0m[0m force_destroy               = true
      [32m+[0m[0m hosted_zone_id              = (known after apply)
      [32m+[0m[0m id                          = (known after apply)
      [32m+[0m[0m object_lock_enabled         = (known after apply)
      [32m+[0m[0m policy                      = (known after apply)
      [32m+[0m[0m region                      = (known after apply)
      [32m+[0m[0m request_payer               = (known after apply)
      [32m+[0m[0m tags_all                    = {
          [32m+[0m[0m "rootstock:environment" = "test"
          [32m+[0m[0m "rootstock:managed-by"  = "terraform"
          [32m+[0m[0m "rootstock:owner"       = "rootstock"
          [32m+[0m[0m "rootstock:purpose"     = "phase-0-harness"
        }
      [32m+[0m[0m website_domain              = (known after apply)
      [32m+[0m[0m website_endpoint            = (known after apply)

      [32m+[0m[0m cors_rule (known after apply)

      [32m+[0m[0m grant (known after apply)

      [32m+[0m[0m lifecycle_rule (known after apply)

      [32m+[0m[0m logging (known after apply)

      [32m+[0m[0m object_lock_configuration (known after apply)

      [32m+[0m[0m replication_configuration (known after apply)

      [32m+[0m[0m server_side_encryption_configuration (known after apply)

      [32m+[0m[0m versioning (known after apply)

      [32m+[0m[0m website (known after apply)
    }

[1m  # aws_s3_bucket_public_access_block.harness[0m will be created
[0m  [32m+[0m[0m resource "aws_s3_bucket_public_access_block" "harness" {
      [32m+[0m[0m block_public_acls       = true
      [32m+[0m[0m block_public_policy     = true
      [32m+[0m[0m bucket                  = (known after apply)
      [32m+[0m[0m id                      = (known after apply)
      [32m+[0m[0m ignore_public_acls      = true
      [32m+[0m[0m restrict_public_buckets = true
    }

[1m  # aws_s3_bucket_versioning.harness[0m will be created
[0m  [32m+[0m[0m resource "aws_s3_bucket_versioning" "harness" {
      [32m+[0m[0m bucket = (known after apply)
      [32m+[0m[0m id     = (known after apply)

      [32m+[0m[0m versioning_configuration {
          [32m+[0m[0m mfa_delete = (known after apply)
          [32m+[0m[0m status     = "Disabled"
        }
    }

[1m  # terraform_data.account_guard[0m will be created
[0m  [32m+[0m[0m resource "terraform_data" "account_guard" {
      [32m+[0m[0m id = (known after apply)
    }

[1mPlan:[0m 4 to add, 0 to change, 0 to destroy.
[0m
Changes to Outputs:
  [32m+[0m[0m account_id        = "022222222222"
  [32m+[0m[0m bucket_prefix     = "rootstock-sbx-"
  [32m+[0m[0m caller_arn        = "arn:aws:sts::022222222222:assumed-role/AWSReservedSSO_RootstockAdministrator_<id>/operator"
  [32m+[0m[0m harness_bucket    = (known after apply)
  [32m+[0m[0m region            = "us-east-1"
  [32m+[0m[0m request_queue_url = ""
[0m[1mterraform_data.account_guard: Creating...[0m[0m
[0m[1mterraform_data.account_guard: Creation complete after 0s [id=b23d8d63-b6f4-4517-9d03-9f41c887d0aa][0m
[0m[1maws_s3_bucket.harness: Creating...[0m[0m
[0m[1maws_s3_bucket.harness: Creation complete after 1s [id=rootstock-sbx-phase0-harness][0m
[0m[1maws_s3_bucket_public_access_block.harness: Creating...[0m[0m
[0m[1maws_s3_bucket_versioning.harness: Creating...[0m[0m
[0m[1maws_s3_bucket_public_access_block.harness: Creation complete after 0s [id=rootstock-sbx-phase0-harness][0m
[0m[1maws_s3_bucket_versioning.harness: Creation complete after 1s [id=rootstock-sbx-phase0-harness][0m
[0m[1m[32m
Apply complete! Resources: 4 added, 0 changed, 0 destroyed.
[0m[0m[1m[32m
Outputs:

[0maccount_id = "022222222222"
bucket_prefix = "rootstock-sbx-"
caller_arn = "arn:aws:sts::022222222222:assumed-role/AWSReservedSSO_RootstockAdministrator_<id>/operator"
harness_bucket = "rootstock-sbx-phase0-harness"
region = "us-east-1"
request_queue_url = ""
make verify-presence
make[1]: Entering directory 'the repository root'
env -u AWS_ACCESS_KEY_ID -u AWS_SECRET_ACCESS_KEY -u AWS_SESSION_TOKEN -u AWS_DEFAULT_PROFILE uv run python scripts/check_aws_context.py --profile rootstock-sandbox --expect sandbox
AWS context OK: profile=rootstock-sandbox zone=sandbox account=022222222222
env -u AWS_ACCESS_KEY_ID -u AWS_SECRET_ACCESS_KEY -u AWS_SESSION_TOKEN -u AWS_DEFAULT_PROFILE AWS_PROFILE=rootstock-sandbox uv run python scripts/verify_teardown.py --expect present
Presence verified: 1 resource(s) in 022222222222.
  s3://rootstock-sbx-phase0-harness
make[1]: Leaving directory 'the repository root'
env -u AWS_ACCESS_KEY_ID -u AWS_SECRET_ACCESS_KEY -u AWS_SESSION_TOKEN -u AWS_DEFAULT_PROFILE AWS_PROFILE=rootstock-sandbox terraform -chdir=infra/test-env destroy -auto-approve
[0m[1mdata.aws_caller_identity.current: Reading...[0m[0m
[0m[1maws_s3_bucket.harness: Refreshing state... [id=rootstock-sbx-phase0-harness][0m
[0m[1mdata.aws_caller_identity.current: Read complete after 0s [id=022222222222][0m
[0m[1mterraform_data.account_guard: Refreshing state... [id=b23d8d63-b6f4-4517-9d03-9f41c887d0aa][0m
[0m[1maws_s3_bucket_public_access_block.harness: Refreshing state... [id=rootstock-sbx-phase0-harness][0m
[0m[1maws_s3_bucket_versioning.harness: Refreshing state... [id=rootstock-sbx-phase0-harness][0m

Terraform used the selected providers to generate the following execution
plan. Resource actions are indicated with the following symbols:
  [31m-[0m destroy[0m

Terraform will perform the following actions:

[1m  # aws_s3_bucket.harness[0m will be [1m[31mdestroyed[0m
[0m  [31m-[0m[0m resource "aws_s3_bucket" "harness" {
      [31m-[0m[0m arn                         = "arn:aws:s3:::rootstock-sbx-phase0-harness" [90m-> null[0m[0m
      [31m-[0m[0m bucket                      = "rootstock-sbx-phase0-harness" [90m-> null[0m[0m
      [31m-[0m[0m bucket_domain_name          = "rootstock-sbx-phase0-harness.s3.amazonaws.com" [90m-> null[0m[0m
      [31m-[0m[0m bucket_regional_domain_name = "rootstock-sbx-phase0-harness.s3.us-east-1.amazonaws.com" [90m-> null[0m[0m
      [31m-[0m[0m force_destroy               = true [90m-> null[0m[0m
      [31m-[0m[0m hosted_zone_id              = "Z3AQBSTGFYJSTF" [90m-> null[0m[0m
      [31m-[0m[0m id                          = "rootstock-sbx-phase0-harness" [90m-> null[0m[0m
      [31m-[0m[0m object_lock_enabled         = false [90m-> null[0m[0m
      [31m-[0m[0m region                      = "us-east-1" [90m-> null[0m[0m
      [31m-[0m[0m request_payer               = "BucketOwner" [90m-> null[0m[0m
      [31m-[0m[0m tags                        = {} [90m-> null[0m[0m
      [31m-[0m[0m tags_all                    = {
          [31m-[0m[0m "rootstock:environment" = "test"
          [31m-[0m[0m "rootstock:managed-by"  = "terraform"
          [31m-[0m[0m "rootstock:owner"       = "rootstock"
          [31m-[0m[0m "rootstock:purpose"     = "phase-0-harness"
        } [90m-> null[0m[0m
        [90m# (3 unchanged attributes hidden)[0m[0m

      [31m-[0m[0m grant {
          [31m-[0m[0m id          = "4548c3f77665b046c6cf5a95d38712d5a32b9de4e144734174c085c709ee3ec5" [90m-> null[0m[0m
          [31m-[0m[0m permissions = [
              [31m-[0m[0m "FULL_CONTROL",
            ] [90m-> null[0m[0m
          [31m-[0m[0m type        = "CanonicalUser" [90m-> null[0m[0m
            [90m# (1 unchanged attribute hidden)[0m[0m
        }

      [31m-[0m[0m server_side_encryption_configuration {
          [31m-[0m[0m rule {
              [31m-[0m[0m bucket_key_enabled = false [90m-> null[0m[0m

              [31m-[0m[0m apply_server_side_encryption_by_default {
                  [31m-[0m[0m sse_algorithm     = "AES256" [90m-> null[0m[0m
                    [90m# (1 unchanged attribute hidden)[0m[0m
                }
            }
        }

      [31m-[0m[0m versioning {
          [31m-[0m[0m enabled    = false [90m-> null[0m[0m
          [31m-[0m[0m mfa_delete = false [90m-> null[0m[0m
        }
    }

[1m  # aws_s3_bucket_public_access_block.harness[0m will be [1m[31mdestroyed[0m
[0m  [31m-[0m[0m resource "aws_s3_bucket_public_access_block" "harness" {
      [31m-[0m[0m block_public_acls       = true [90m-> null[0m[0m
      [31m-[0m[0m block_public_policy     = true [90m-> null[0m[0m
      [31m-[0m[0m bucket                  = "rootstock-sbx-phase0-harness" [90m-> null[0m[0m
      [31m-[0m[0m id                      = "rootstock-sbx-phase0-harness" [90m-> null[0m[0m
      [31m-[0m[0m ignore_public_acls      = true [90m-> null[0m[0m
      [31m-[0m[0m restrict_public_buckets = true [90m-> null[0m[0m
    }

[1m  # aws_s3_bucket_versioning.harness[0m will be [1m[31mdestroyed[0m
[0m  [31m-[0m[0m resource "aws_s3_bucket_versioning" "harness" {
      [31m-[0m[0m bucket                = "rootstock-sbx-phase0-harness" [90m-> null[0m[0m
      [31m-[0m[0m id                    = "rootstock-sbx-phase0-harness" [90m-> null[0m[0m
        [90m# (1 unchanged attribute hidden)[0m[0m

      [31m-[0m[0m versioning_configuration {
          [31m-[0m[0m status     = "Disabled" [90m-> null[0m[0m
            [90m# (1 unchanged attribute hidden)[0m[0m
        }
    }

[1m  # terraform_data.account_guard[0m will be [1m[31mdestroyed[0m
[0m  [31m-[0m[0m resource "terraform_data" "account_guard" {
      [31m-[0m[0m id = "b23d8d63-b6f4-4517-9d03-9f41c887d0aa" [90m-> null[0m[0m
    }

[1mPlan:[0m 0 to add, 0 to change, 4 to destroy.
[0m
Changes to Outputs:
  [31m-[0m[0m account_id        = "022222222222" [90m-> null[0m[0m
  [31m-[0m[0m bucket_prefix     = "rootstock-sbx-" [90m-> null[0m[0m
  [31m-[0m[0m caller_arn        = "arn:aws:sts::022222222222:assumed-role/AWSReservedSSO_RootstockAdministrator_<id>/operator" [90m-> null[0m[0m
  [31m-[0m[0m harness_bucket    = "rootstock-sbx-phase0-harness" [90m-> null[0m[0m
  [31m-[0m[0m region            = "us-east-1" [90m-> null[0m[0m
  [31m-[0m[0m request_queue_url = "" [90m-> null[0m[0m
[0m[1mterraform_data.account_guard: Destroying... [id=b23d8d63-b6f4-4517-9d03-9f41c887d0aa][0m[0m
[0m[1mterraform_data.account_guard: Destruction complete after 0s[0m
[0m[1maws_s3_bucket_public_access_block.harness: Destroying... [id=rootstock-sbx-phase0-harness][0m[0m
[0m[1maws_s3_bucket_versioning.harness: Destroying... [id=rootstock-sbx-phase0-harness][0m[0m
[0m[1maws_s3_bucket_versioning.harness: Destruction complete after 0s[0m
[0m[1maws_s3_bucket_public_access_block.harness: Destruction complete after 0s[0m
[0m[1maws_s3_bucket.harness: Destroying... [id=rootstock-sbx-phase0-harness][0m[0m
[0m[1maws_s3_bucket.harness: Destruction complete after 1s[0m
[0m[1m[32m
Destroy complete! Resources: 4 destroyed.
[0mmake verify-teardown
make[1]: Entering directory 'the repository root'
env -u AWS_ACCESS_KEY_ID -u AWS_SECRET_ACCESS_KEY -u AWS_SESSION_TOKEN -u AWS_DEFAULT_PROFILE uv run python scripts/check_aws_context.py --profile rootstock-sandbox --expect sandbox
AWS context OK: profile=rootstock-sandbox zone=sandbox account=022222222222
env -u AWS_ACCESS_KEY_ID -u AWS_SECRET_ACCESS_KEY -u AWS_SESSION_TOKEN -u AWS_DEFAULT_PROFILE AWS_PROFILE=rootstock-sandbox uv run python scripts/verify_teardown.py --expect absent
Teardown verified: no rootstock-sbx-* resources in account 022222222222.
make[1]: Leaving directory 'the repository root'
Two clean apply/destroy cycles; presence and absence verified against the provider.
infra_cycle_exit=0
===== INFRA-CYCLE END 2026-08-26T04:48:33Z =====
